[debug] [2025-09-09T16:51:45.427Z] ----------------------------------------------------------------------
[debug] [2025-09-09T16:51:45.429Z] Command:       /usr/local/bin/node /home/project/node_modules/.bin/firebase deploy --only firestore:rules --project zend-45ae2
[debug] [2025-09-09T16:51:45.430Z] CLI Version:   14.15.2
[debug] [2025-09-09T16:51:45.430Z] Platform:      linux
[debug] [2025-09-09T16:51:45.430Z] Node Version:  v20.19.1
[debug] [2025-09-09T16:51:45.430Z] Time:          Tue Sep 09 2025 18:51:45 GMT+0200 (Central European Summer Time)
[debug] [2025-09-09T16:51:45.430Z] ----------------------------------------------------------------------
[debug] 
[debug] [2025-09-09T16:51:45.432Z] >>> [apiv2][query] GET https://firebase-public.firebaseio.com/cli.json [none]
[debug] [2025-09-09T16:51:45.770Z] > command requires scopes: ["email","openid","https://www.googleapis.com/auth/cloudplatformprojects.readonly","https://www.googleapis.com/auth/firebase","https://www.googleapis.com/auth/cloud-platform"]
[debug] [2025-09-09T16:51:46.020Z] Error: Could not load the default credentials. Browse to https://cloud.google.com/docs/authentication/getting-started for more information.
    at GoogleAuth.getApplicationDefaultAsync (/home/project/node_modules/google-auth-library/build/src/auth/googleauth.js:287:15)
    at async GoogleAuth._GoogleAuth_determineClient (/home/project/node_modules/google-auth-library/build/src/auth/googleauth.js:834:32)
    at async GoogleAuth.getClient (/home/project/node_modules/google-auth-library/build/src/auth/googleauth.js:698:20)
    at async GoogleAuth.getAccessToken (/home/project/node_modules/google-auth-library/build/src/auth/googleauth.js:722:24)
    at async autoAuth (/home/project/node_modules/firebase-tools/lib/requireAuth.js:28:19)
    at async requireAuth (/home/project/node_modules/firebase-tools/lib/requireAuth.js:91:20)
    at async requirePermissions (/home/project/node_modules/firebase-tools/lib/requirePermissions.js:17:5)
    at async eval (/home/project/node_modules/firebase-tools/lib/command.js:262:17)
[error] 
[error] Error: Failed to authenticate, have you run firebase login?
[debug] [2025-09-09T16:51:46.029Z] Error: Unknown status code 530
    at _0x3c20a8 (https://zp1v56uxy8rdx5ypatb0ockcb9tr6a-oci3.w-credentialless-staticblitz.com/blitz.96435430.js:31:1001993)
    at _0x50f252._readHeaders (https://zp1v56uxy8rdx5ypatb0ockcb9tr6a-oci3.w-credentialless-staticblitz.com/blitz.96435430.js:31:1008379)
    at _0x50f252.execute (https://zp1v56uxy8rdx5ypatb0ockcb9tr6a-oci3.w-credentialless-staticblitz.com/blitz.96435430.js:31:1006351)
    at Socket.socketOnData (https://zp1v56uxy8rdx5ypatb0ockcb9tr6a-oci3.w-credentialless-staticblitz.com/builtins.97a3df4f.js:3:6073)
    at Socket.emit (https://zp1v56uxy8rdx5ypatb0ockcb9tr6a-oci3.w-credentialless-staticblitz.com/builtins.97a3df4f.js:30:11034)
    at Socket.emit (https://zp1v56uxy8rdx5ypatb0ockcb9tr6a-oci3.w-credentialless-staticblitz.com/builtins.97a3df4f.js:29:5199)
    at addChunk (https://zp1v56uxy8rdx5ypatb0ockcb9tr6a-oci3.w-credentialless-staticblitz.com/builtins.97a3df4f.js:230:3174)
    at readableAddChunkPushByteMode (https://zp1v56uxy8rdx5ypatb0ockcb9tr6a-oci3.w-credentialless-staticblitz.com/builtins.97a3df4f.js:230:6158)
    at Readable.push (https://zp1v56uxy8rdx5ypatb0ockcb9tr6a-oci3.w-credentialless-staticblitz.com/builtins.97a3df4f.js:230:6192)
    at _0x1024d8.onStreamRead [as onread] (https://zp1v56uxy8rdx5ypatb0ockcb9tr6a-oci3.w-credentialless-staticblitz.com/builtins.97a3df4f.js:216:2625)
[error] 
[error] Error: An unexpected error has occurred.
[debug] [2025-09-09T16:51:46.263Z] <<< [apiv2][status] GET https://firebase-public.firebaseio.com/cli.json 200
[debug] [2025-09-09T16:51:46.263Z] <<< [apiv2][body] GET https://firebase-public.firebaseio.com/cli.json {"cloudBuildErrorAfter":1594252800000,"cloudBuildWarnAfter":1590019200000,"defaultNode10After":1594252800000,"minVersion":"3.0.5","node8DeploysDisabledAfter":1613390400000,"node8RuntimeDisabledAfter":1615809600000,"node8WarnAfter":1600128000000}
